== env
go version go1.27.0 linux/amd64
0c87e0181c794fe2bbfeb15dc34e7b6aae375d8b
packages=83 nproc=10 cpu.max=1000000 100000 memory.max=27917287424
 22:45:39 up 3 days,  7:20,  2 users,  load average: 0.32, 0.24, 0.72
PHASE name=moddownload rc=0 wall_ns=36275543 rusage=unavailable before[usage_usec=200480899798 nr_throttled=72360 throttled_usec=6628325641 ] after[usage_usec=200481000229 nr_throttled=72360 throttled_usec=6628325641 ] load=0.32 0.24 0.72
PHASE name=unit_cold rc=0 wall_ns=98161137772 rusage=unavailable before[usage_usec=200481017027 nr_throttled=72360 throttled_usec=6628325641 ] after[usage_usec=200876551113 nr_throttled=72656 throttled_usec=6662917369 ] load=5.09 2.87 1.68
PHASE name=unit_warm rc=0 wall_ns=62543133817 rusage=unavailable before[usage_usec=200876569967 nr_throttled=72656 throttled_usec=6662917369 ] after[usage_usec=200998777521 nr_throttled=72700 throttled_usec=6664508647 ] load=3.66 3.08 1.85
PHASE name=unit_buildonly_warm rc=0 wall_ns=5091492142 rusage=unavailable before[usage_usec=200998797752 nr_throttled=72700 throttled_usec=6664508647 ] after[usage_usec=201045781644 nr_throttled=72737 throttled_usec=6666002753 ] load=4.64 3.29 1.92
PHASE name=race_cold rc=0 wall_ns=259523308579 rusage=unavailable before[usage_usec=201045798416 nr_throttled=72737 throttled_usec=6666002753 ] after[usage_usec=201885168577 nr_throttled=73034 throttled_usec=6680967847 ] load=1.60 3.54 2.51
PHASE name=race_warm rc=0 wall_ns=216449164261 rusage=unavailable before[usage_usec=201885185296 nr_throttled=73034 throttled_usec=6680967847 ] after[usage_usec=202404289732 nr_throttled=73118 throttled_usec=6687433516 ] load=1.49 3.26 2.71
PHASE name=concurrent_unit_race wall_ns=217721638577 before[usage_usec=202404304577 nr_throttled=73118 throttled_usec=6687433516 ] after[usage_usec=203032474459 nr_throttled=73383 throttled_usec=6719319683 ] load=1.64 3.85 3.24
conc_unit rc=0 wall_ns=72078080474
conc_race rc=0 wall_ns=217705329614
== unit_warm: packages=83 sum_pkg_elapsed_s=132 max_pkg_s=59
   pkg    59.4s github.com/KelpHect/lockwell/internal/consensus
   pkg    17.1s github.com/KelpHect/lockwell/internal/web
   pkg     9.0s github.com/KelpHect/lockwell/docs
   pkg     6.9s github.com/KelpHect/lockwell/internal/kvmeta
   pkg     5.9s github.com/KelpHect/lockwell/internal/objectsvc
   pkg     5.7s github.com/KelpHect/lockwell/cmd/lockwell
   pkg     5.3s github.com/KelpHect/lockwell/internal/s3
   pkg     4.8s github.com/KelpHect/lockwell/internal/nativeapi
   pkg     3.1s github.com/KelpHect/lockwell/tests/acceptance/sdk_gate
   pkg     1.7s github.com/KelpHect/lockwell/internal/objectcoord
   test     7.4s github.com/KelpHect/lockwell/internal/consensus TestThreeNodeConsensusQuorumLossDoesNotCommitLocallyAndConverges
   test     6.8s github.com/KelpHect/lockwell/internal/consensus TestThreeNodeConsensusQuorumLossFailsClosedAndRecovers
   test     6.2s github.com/KelpHect/lockwell/internal/consensus TestConsensusNodeRestartPersistsRaftAndMetadataState
   test     6.1s github.com/KelpHect/lockwell/internal/consensus TestThreeNodeConsensusLeaderLossReelectsAndReplicates
   test     4.2s github.com/KelpHect/lockwell/internal/consensus TestThreeNodeConsensusFollowerLossKeepsQuorum
   test     3.8s github.com/KelpHect/lockwell/internal/consensus TestMembershipJoinWaitsForVoterPromotion
   test     3.7s github.com/KelpHect/lockwell/internal/consensus TestThreeNodeConsensusReplicatesMetadataAndRejectsDuplicate
   test     3.5s github.com/KelpHect/lockwell/internal/consensus TestMembershipDrainLostRequiresAndRunsAuthoritativeHook
   test     3.5s github.com/KelpHect/lockwell/internal/consensus TestThreeNodeConsensusMTLSTCPReplicatesAndRecovers
   test     3.3s github.com/KelpHect/lockwell/internal/consensus TestNodeLeaderReturnsIDBeforeDistinctAddress
== race_warm: packages=83 sum_pkg_elapsed_s=549 max_pkg_s=193
   pkg   192.9s github.com/KelpHect/lockwell/internal/web
   pkg    65.1s github.com/KelpHect/lockwell/internal/objectsvc
   pkg    59.9s github.com/KelpHect/lockwell/internal/consensus
   pkg    40.8s github.com/KelpHect/lockwell/docs
   pkg    28.4s github.com/KelpHect/lockwell/internal/kvmeta
   pkg    19.6s github.com/KelpHect/lockwell/internal/s3
   pkg    19.6s github.com/KelpHect/lockwell/cmd/lockwell
   pkg    10.7s github.com/KelpHect/lockwell/internal/nativeapi
   pkg     7.5s github.com/KelpHect/lockwell/internal/objectcoord
   pkg     5.4s github.com/KelpHect/lockwell/internal/repair
   test    21.9s github.com/KelpHect/lockwell/internal/objectsvc TestReadRangeScratchNoBleedAcrossTenants
   test    18.5s github.com/KelpHect/lockwell/internal/objectsvc TestConcurrentStoreNoBufferAliasingAcrossTenants
   test    12.5s github.com/KelpHect/lockwell/docs TestPublishedDocsRejectKnownStaleCompatibilityClaims
   test    10.3s github.com/KelpHect/lockwell/docs TestPublishedDocsCarryRequiredNegativeContracts
   test     8.0s github.com/KelpHect/lockwell/internal/objectsvc TestStorageSavings_HalfTargetOnRedundantWorkload
   test     7.3s github.com/KelpHect/lockwell/internal/consensus TestThreeNodeConsensusQuorumLossFailsClosedAndRecovers
   test     7.3s github.com/KelpHect/lockwell/internal/kvmeta TestMultipartUploadActiveLimit
   test     6.9s github.com/KelpHect/lockwell/internal/consensus TestThreeNodeConsensusLeaderLossReelectsAndReplicates
   test     6.9s github.com/KelpHect/lockwell/internal/consensus TestThreeNodeConsensusQuorumLossDoesNotCommitLocallyAndConverges
   test     6.3s github.com/KelpHect/lockwell/internal/consensus TestConsensusNodeRestartPersistsRaftAndMetadataState
== conc_unit: packages=83 sum_pkg_elapsed_s=189 max_pkg_s=66
   pkg    66.1s github.com/KelpHect/lockwell/internal/consensus
   pkg    23.0s github.com/KelpHect/lockwell/internal/web
   pkg    16.6s github.com/KelpHect/lockwell/docs
   pkg    13.3s github.com/KelpHect/lockwell/internal/kvmeta
   pkg    12.6s github.com/KelpHect/lockwell/internal/s3
   pkg    11.5s github.com/KelpHect/lockwell/cmd/lockwell
   pkg    11.1s github.com/KelpHect/lockwell/internal/objectsvc
   pkg     6.0s github.com/KelpHect/lockwell/internal/nativeapi
   pkg     3.4s github.com/KelpHect/lockwell/internal/objectcoord
   pkg     3.2s github.com/KelpHect/lockwell/tests/acceptance/sdk_gate
   test     9.4s github.com/KelpHect/lockwell/internal/consensus TestThreeNodeConsensusQuorumLossDoesNotCommitLocallyAndConverges
   test     8.8s github.com/KelpHect/lockwell/internal/consensus TestThreeNodeConsensusLeaderLossReelectsAndReplicates
   test     7.8s github.com/KelpHect/lockwell/internal/consensus TestConsensusNodeRestartPersistsRaftAndMetadataState
   test     6.4s github.com/KelpHect/lockwell/internal/consensus TestThreeNodeConsensusQuorumLossFailsClosedAndRecovers
   test     4.7s github.com/KelpHect/lockwell/docs TestPublishedDocsCarryRequiredNegativeContracts
   test     4.5s github.com/KelpHect/lockwell/internal/consensus TestMembershipDrainLostRequiresAndRunsAuthoritativeHook
   test     4.2s github.com/KelpHect/lockwell/internal/consensus TestThreeNodeConsensusFollowerLossKeepsQuorum
   test     4.2s github.com/KelpHect/lockwell/internal/consensus TestThreeNodeConsensusAsymmetricPartitionReconciles
   test     4.0s github.com/KelpHect/lockwell/internal/objectsvc TestConcurrentStoreNoBufferAliasingAcrossTenants
   test     4.0s github.com/KelpHect/lockwell/internal/consensus TestNodeLeaderReturnsIDBeforeDistinctAddress
== conc_race: packages=83 sum_pkg_elapsed_s=591 max_pkg_s=188
   pkg   187.8s github.com/KelpHect/lockwell/internal/web
   pkg    63.3s github.com/KelpHect/lockwell/internal/objectsvc
   pkg    61.0s github.com/KelpHect/lockwell/internal/consensus
   pkg    47.9s github.com/KelpHect/lockwell/docs
   pkg    33.2s github.com/KelpHect/lockwell/internal/kvmeta
   pkg    27.1s github.com/KelpHect/lockwell/cmd/lockwell
   pkg    19.9s github.com/KelpHect/lockwell/internal/s3
   pkg    15.1s github.com/KelpHect/lockwell/internal/nativeapi
   pkg     9.6s github.com/KelpHect/lockwell/internal/compression
   pkg     9.3s github.com/KelpHect/lockwell/internal/objectcoord
   test    21.9s github.com/KelpHect/lockwell/internal/objectsvc TestReadRangeScratchNoBleedAcrossTenants
   test    17.1s github.com/KelpHect/lockwell/internal/objectsvc TestConcurrentStoreNoBufferAliasingAcrossTenants
   test    13.4s github.com/KelpHect/lockwell/docs TestPublishedDocsRejectKnownStaleCompatibilityClaims
   test    10.3s github.com/KelpHect/lockwell/docs TestPublishedDocsCarryRequiredNegativeContracts
   test     7.7s github.com/KelpHect/lockwell/internal/kvmeta TestMultipartUploadActiveLimit
   test     7.6s github.com/KelpHect/lockwell/internal/objectsvc TestStorageSavings_HalfTargetOnRedundantWorkload
   test     7.4s github.com/KelpHect/lockwell/docs TestPublishedDocsDoNotAdvertiseMCP
   test     7.1s github.com/KelpHect/lockwell/internal/consensus TestThreeNodeConsensusLeaderLossReelectsAndReplicates
   test     6.4s github.com/KelpHect/lockwell/internal/consensus TestThreeNodeConsensusQuorumLossDoesNotCommitLocallyAndConverges
   test     6.3s github.com/KelpHect/lockwell/internal/consensus TestConsensusNodeRestartPersistsRaftAndMetadataState
